    Updating '[ROOTURL]/registry' index
WARN: Added `linked-hash-map` instead of `linked_hash_map`
WARN: Added `inflector` instead of `Inflector`
      Adding linked-hash-map v0.5.4 to dependencies.
             Features:
             - clippy
             - heapsize
             - heapsize_impl
             - nightly
             - serde
             - serde_impl
             - serde_test
      Adding inflector v0.11.4 to dependencies.
             Features:
             + heavyweight
             + lazy_static
             + regex
             - unstable
