    Updating '[ROOTURL]/registry' index
      Adding cargo-list-test-fixture-dependency (local) to build-dependencies.
