error: Use of `default_features` in `my-package` is unsupported
