error: The argument '--dev' cannot be used with '--build'

USAGE:
    cargo add [OPTIONS] <DEP>[@<VERSION>] [+<FEATURE>,...] ...
    cargo add [OPTIONS] <DEP_PATH> [+<FEATURE>,...] ...

For more information try --help
