    Updating `dummy-registry` index
warning: unrecognized features: ["noze"]
      Adding your-face v99999.0.0 to dependencies.
             Features:
             + noze
             - ears
             - eyes
             - mouth
             - nose
