    Updating git repository `[ROOTURL]/versioned-package`
      Adding git-package (git) to dependencies.
