    Updating '[ROOTURL]/registry' index
      Adding git-package (git) to dev-dependencies.
