    Updating git repository `[ROOTURL]/git-package`
error: multiple packages found at `[ROOTURL]/git-package`: my-package2, my-package1
