error: The argument '--git <URI>' cannot be used with '--registry <NAME>'

USAGE:
    cargo add [OPTIONS] <DEP>[@<VERSION>] [+<FEATURE>,...] ...
    cargo add [OPTIONS] <DEP_PATH> [+<FEATURE>,...] ...

For more information try --help
