    Updating `dummy-registry` index
error: The crate `lets_hope_nobody_ever_publishes_this_crate` could not be found in registry index.
