error: Unable to find ./tests/fixtures/local

Caused by:
  [..]
