error: The argument '--target <TARGET>' requires a value but none was supplied

USAGE:
    cargo add [OPTIONS] <DEP>[@<VERSION>] ...

For more information try --help
