error: `--git` is unstable and requires `-Z unstable-options`
