    Updating '[ROOTURL]/registry' index
Error: Invalid version requirement `invalid version string`

Caused by:
    unexpected character 'i' while parsing major version number
