    Updating '[ROOTURL]/registry' index
      Adding cargo-list-test-fixture-dependency v99999.0.0 to dependencies.
      Adding your-face (local) to dependencies.
             Features:
             - eyes
             - mouth
             - nose
             - optional-dependency
