error: Cannot specify multiple crates with rename
