error: cannot specify multiple crates with features
