error: cannot specify multiple crates with path or git or vers
