error: The following required arguments were not provided:
    <DEP_ID>...

USAGE:
    cargo add [OPTIONS] <DEP>[@<VERSION>] [+<FEATURE>,...] ...
    cargo add [OPTIONS] <DEP_PATH> [+<FEATURE>,...] ...

For more information try --help
