      Adding versioned-package (git) to optional dependencies.
