    Updating '[ROOTURL]/registry' index
      Adding versioned-package v0.1.1 to optional dependencies.
