warning: Unrecognized features: ["one", "two"]
      Adding cargo-list-test-fixture-dependency (local) to optional dependencies.
             Features:
             + one
             + two
